******************************************************************************
                  TI ARM Linker PC v18.12.3                    
******************************************************************************
>> Linked Tue Dec 10 11:48:41 2019

OUTPUT FILE NAME:   <collector_CC1352R1_LAUNCHXL_tirtos_ccs_syscfg.out>
ENTRY POINT SYMBOL: "ResetISR"  address: 00010cb5


MEMORY CONFIGURATION

         name            origin    length      used     unused   attr    fill
----------------------  --------  ---------  --------  --------  ----  --------
  FLASH                 00000000   0004e000  00015d90  00038270  R  X
  FLASH_NV              0004e000   00008000  00008000  00000000  RW X
  FLASH_LAST            00056000   00002000  00002000  00000000  R  X
  SRAM                  20000000   00014000  000042f7  0000fd09  RW X


SEGMENT ALLOCATION MAP

run origin  load origin   length   init length attrs members
----------  ----------- ---------- ----------- ----- -------
00000000    00000000    00015d90   00015d90    r-x
  00000000    00000000    0000003c   0000003c    r-- .resetVecs
  0000003c    0000003c    00001d30   00001d30    r-- .const
  00001d6c    00001d6c    000000cc   000000cc    r-- config_const
  00001e38    00001e38    00013b10   00013b10    r-x .text.1
  00015948    00015948    00000448   00000448    r-- .cinit
0004e000    0004e000    00008000   00000000    rw-
  0004e000    0004e000    00008000   00000000    rw- .TI.bound:flashBuf0
00056000    00056000    00002000   00002000    r-x
  00056000    00056000    00001fa8   00001fa8    r-x .text.2
  00057fa8    00057fa8    00000058   00000058    r-- .ccfg
20000100    20000100    00003cc3   00000000    rw-
  20000100    20000100    00000004   00000000    rw- .data:xdcRomConstPtr
  20000104    20000104    00000004   00000000    rw- .data:xdcRomExternFuncPtr
  20000108    20000108    00000004   00000000    rw- .data:xdcRomStatePtr
  2000010c    2000010c    00000010   00000000    rw- .data:RAM_MAC_BASE_ADDR
  20000120    20000120    00002bf5   00000000    rw- .data
  20002d18    20002d18    000010ab   00000000    rw- .bss
20013aa0    20013aa0    00000560   00000000    rw-
  20013aa0    20013aa0    00000560   00000000    rw- .stack


SECTION ALLOCATION MAP

 output                                  attributes/
section   page    origin      length       input sections
--------  ----  ----------  ----------   ----------------
.const     0    0000003c    00001d30     
                  0000003c    00000568     hmac_rom_init.obj (.const:HMAC_ROM_Flash_JT)
                  000005a4    000003b8     app_pem4f.oem4f (.const:ROM_constStruct)
                  0000095c    00000258     fh_rom_init.obj (.const:FH_ROM_Flash_JT)
                  00000bb4    00000188     <whole-program> (.const:.string)
                  00000d3c    00000154     rf_multiMode_cc13x2.aem4f : rf_patch_cpe_prop.c.cc13x2.ccs.o (.const:patchImageProp)
                  00000e90    00000101     rtsv7M4_T_le_v4SPD16_eabi.lib : ctype.c.obj (.const:.string:_ctypes_)
                  00000f91    00000100     crc.obj (.const:.string:crc_table$23)
                  00001091    000000f8     mac_cfg.obj (.const:macPibTbl)
                  00001189    00000002     ti_drivers_config.obj (.const:ButtonHWAttrs)
                  0000118b    00000001     ti_drivers_config.obj (.const:aesccmCC26XXHWAttrs)
                  0000118c    000000cc     lmac_rom_init.obj (.const:LMAC_ROM_Flash_JT)
                  00001258    000000ac     ti_radio_config.obj (.const:$O3$$)
                  00001304    00000088     mac_cfg.obj (.const:macPibDefaults)
                  0000138c    00000078     cllc.obj (.const:$O7$$)
                  00001404    0000006e     maclib_secure_cc13x2.a : hmac_global.obj (.const:macAssociatingSt)
                  00001472    0000006e                            : hmac_global.obj (.const:macIdleSt)
                  000014e0    0000006e                            : hmac_global.obj (.const:macPollingSt)
                  0000154e    0000006e                            : hmac_global.obj (.const:macScanningSt)
                  000015bc    0000006e                            : hmac_global.obj (.const:macStartingSt)
                  0000162a    00000002     cllc.obj (.const:keyUsageList$5)
                  0000162c    0000006c     icall_osal_rom_init.obj (.const:ICALL_OSAL_ROM_Flash_JT)
                  00001698    00000058     mac_cfg.obj (.const:macSecurityPibTbl)
                  000016f0    00000054     drivers_cc13x2.aem4f : PowerCC26X2.oem4f (.const:resourceDB)
                  00001744    00000050     mac_cfg.obj (.const:macMRFSKStdPhyTable)
                  00001794    0000004c     drivers_cc13x2.aem4f : Random.oem4f (.const:$P$T0$1)
                  000017e0    00000048     app_pem4f.oem4f (.const:.string)
                  00001828    00000048     app_pem4f.oem4f (.const:ROM_externFuncPtrs)
                  00001870    00000040     maclib_secure_cc13x2.a : hmac_global.obj (.const:macTimerRolloverValue)
                  000018b0    00000038                            : hmac_global.obj (.const:macCmdIncludeFHIe)
                  000018e8    00000028     drivers_cc13x2.aem4f : NVSCC26XX.oem4f (.const:NVSCC26XX_fxnTable)
                  00001910    00000028                          : UARTCC26XX.oem4f (.const:UARTCC26XX_fxnTable)
                  00001938    00000028     app_pem4f.oem4f (.const:ti_sysbios_heaps_HeapCallback_Module__FXNS__C)
                  00001960    00000028     ti_drivers_config.obj (.const:uartCC26XXHWAttrs)
                  00001988    00000028     app_pem4f.oem4f (.const:xdc_runtime_Startup_sfxnTab__A)
                  000019b0    00000024     drivers_cc13x2.aem4f : UART.oem4f (.const:UART_defaultParams)
                  000019d4    00000024     app_pem4f.oem4f (.const:ti_sysbios_gates_GateMutexPri_Module__FXNS__C)
                  000019f8    00000020     rf_multiMode_cc13x2.aem4f : RFCC26X2_multiMode.c.cc13x2.ccs.o (.const:RF_defaultParams)
                  00001a18    00000020     cllc.obj (.const:keyDeviceList$5)
                  00001a38    00000020     app_pem4f.oem4f (.const:ti_sysbios_gates_GateMutexPri_Object__DESC__C)
                  00001a58    00000020     app_pem4f.oem4f (.const:ti_sysbios_heaps_HeapCallback_Object__DESC__C)
                  00001a78    0000001c     CC1352R1_LAUNCHXL_fxns.obj (.const:$O1$$)
                  00001a94    0000001c     ti_drivers_config.obj (.const:BoardGpioInitTable)
                  00001ab0    0000001c     app_pem4f.oem4f (.const:ti_sysbios_heaps_HeapCallback_Object__PARAMS__C)
                  00001acc    00000018     drivers_cc13x2.aem4f : PWM.oem4f (.const:PWM_defaultParams)
                  00001ae4    00000018                          : GPIOCC26XX.oem4f (.const:interruptType)
                  00001afc    00000018     maclib_secure_cc13x2.a : hmac_global.obj (.const:macSendMsgBufSize)
                  00001b14    00000018     app_pem4f.oem4f (.const:ti_sysbios_gates_GateMutexPri_Object__PARAMS__C)
                  00001b2c    00000014     ti_drivers_config.obj (.const:GPIOCC26XX_config)
                  00001b40    00000014     ti_drivers_config.obj (.const:PowerCC26X2_config)
                  00001b54    00000014     drivers_cc13x2.aem4f : UARTCC26XX.oem4f (.const:parityType)
                  00001b68    00000014     app_pem4f.oem4f (.const:xdc_runtime_Startup_sfxnRts__A)
                  00001b7c    00000013     macTask.obj (.const:.string:msacbackSizeTable)
                  00001b8f    00000001     app_pem4f.oem4f (.const:xdc_runtime_Text_charTab__A)
                  00001b90    00000010     drivers_cc13x2.aem4f : AESCCM.oem4f (.const:AESCCM_defaultParams)
                  00001ba0    00000010     ti_drivers_config.obj (.const:Button_config)
                  00001bb0    00000010     drivers_cc13x2.aem4f : Button.oem4f (.const:Button_defaultParams)
                  00001bc0    00000010     ti_drivers_config.obj (.const:LED_config)
                  00001bd0    00000010     drivers_cc13x2.aem4f : TRNG.oem4f (.const:TRNG_defaultParams)
                  00001be0    00000010                          : UARTCC26XX.oem4f (.const:dataLength)
                  00001bf0    00000010     maclib_secure_cc13x2.a : hmac_global.obj (.const:macIEEEPhyTable)
                  00001c00    00000010     drivers_cc13x2.aem4f : GPIOCC26XX.oem4f (.const:outPinTypes)
                  00001c10    0000000e     maclib_secure_cc13x2.a : hmac_global.obj (.const:.string:macCmdBufSize)
                  00001c1e    0000000e                            : hmac_global.obj (.const:.string:macTxFrameFailed)
                  00001c2c    0000000e                            : hmac_global.obj (.const:.string:macTxFrameSuccess)
                  00001c3a    00000002     --HOLE-- [fill = 0]
                  00001c3c    0000000c     drivers_cc13x2.aem4f : Random.oem4f (.const:$P$T1$2)
                  00001c48    0000000c     maclib_secure_cc13x2.a : hmac_global.obj (.const:.string:macCbackEventTbl)
                  00001c54    0000000c                            : hmac_global.obj (.const:.string:macSendMsgDataSize)
                  00001c60    0000000c     ti_drivers_config.obj (.const:NVS_config)
                  00001c6c    0000000c     ti_drivers_config.obj (.const:RFCC26XX_hwAttrs)
                  00001c78    0000000c     ti_drivers_config.obj (.const:UART_config)
                  00001c84    0000000c     drivers_cc13x2.aem4f : GPIOCC26XX.oem4f (.const:inPinTypes)
                  00001c90    0000000c                          : GPIOCC26XX.oem4f (.const:outPinStrengths)
                  00001c9c    0000000c     app_pem4f.oem4f (.const:xdc_runtime_Startup_firstFxns__A)
                  00001ca8    00000009     maclib_secure_cc13x2.a : hmac_global.obj (.const:.string:macCmdLen)
                  00001cb1    00000003     --HOLE-- [fill = 0]
                  00001cb4    00000008                            : mac_rx.obj (.const:$O23$$)
                  00001cbc    00000008     driverlib.lib : aux_sysif.obj (.const:$O27$$)
                  00001cc4    00000008     main.obj (.const:.string:dummyExtAddr$7)
                  00001ccc    00000008     maclib_secure_cc13x2.a : hmac_global.obj (.const:.string:macAuthTagLen)
                  00001cd4    00000008     ti_drivers_config.obj (.const:AESCCM_config)
                  00001cdc    00000008     drivers_cc13x2.aem4f : LED.oem4f (.const:LED_defaultParams)
                  00001ce4    00000008     ti_drivers_config.obj (.const:PINCC26XX_hwAttrs)
                  00001cec    00000008     rf_multiMode_cc13x2.aem4f : RFCC26X2_multiMode.c.cc13x2.ccs.o (.const:RFCC26XX_schedulerPolicy)
                  00001cf4    00000008     ti_drivers_config.obj (.const:nvsCC26XXHWAttrs)
                  00001cfc    00000008     drivers_cc13x2.aem4f : UARTCC26XX.oem4f (.const:stopBits)
                  00001d04    00000008     app_pem4f.oem4f (.const:ti_sysbios_family_arm_m3_Hwi_excHookFuncs__A)
                  00001d0c    00000006     drivers_cc13x2.aem4f : UARTCC26XX.oem4f (.const:.string:rxFifoBytes)
                  00001d12    00000006                          : UARTCC26XX.oem4f (.const:.string:rxFifoThreshold)
                  00001d18    00000006                          : UARTCC26XX.oem4f (.const:.string:txFifoBytes)
                  00001d1e    00000006                          : UARTCC26XX.oem4f (.const:.string:txFifoThreshold)
                  00001d24    00000006     ti_drivers_config.obj (.const)
                  00001d2a    00000005     csf.obj (.const:.string:$P$T0$4$4)
                  00001d2f    00000001     --HOLE-- [fill = 0]
                  00001d30    00000004     cui.obj (.const:$O9$$)
                  00001d34    00000004     maclib_secure_cc13x2.a : hmac_global.obj (.const:.string:macKeySourceLen)
                  00001d38    00000004     ti_drivers_config.obj (.const:LEDHWAttrs)
                  00001d3c    00000004     drivers_cc13x2.aem4f : NVS.oem4f (.const:NVS_defaultParams)
                  00001d40    00000004     app_pem4f.oem4f (.const:ti_sysbios_gates_GateMutexPri_Instance_State_pendQ__O)
                  00001d44    00000004     app_pem4f.oem4f (.const:ti_sysbios_heaps_HeapCallback_Object__count__C)
                  00001d48    00000004     app_pem4f.oem4f (.const:ti_sysbios_heaps_HeapCallback_allocInstFxn__C)
                  00001d4c    00000004     app_pem4f.oem4f (.const:ti_sysbios_heaps_HeapCallback_createInstFxn__C)
                  00001d50    00000004     app_pem4f.oem4f (.const:ti_sysbios_heaps_HeapCallback_deleteInstFxn__C)
                  00001d54    00000004     app_pem4f.oem4f (.const:ti_sysbios_heaps_HeapCallback_freeInstFxn__C)
                  00001d58    00000004     app_pem4f.oem4f (.const:ti_sysbios_heaps_HeapCallback_getStatsInstFxn__C)
                  00001d5c    00000004     app_pem4f.oem4f (.const:ti_sysbios_heaps_HeapCallback_initInstFxn__C)
                  00001d60    00000004     app_pem4f.oem4f (.const:ti_sysbios_heaps_HeapCallback_isBlockingInstFxn__C)
                  00001d64    00000004     app_pem4f.oem4f (.const:ti_sysbios_knl_Clock_tickPeriod__C)
                  00001d68    00000004     app_pem4f.oem4f (.const:ti_sysbios_knl_Idle_funcList__A)

config_const 
*          0    00001d6c    000000cc     
                  00001d6c    0000006c     mac_user_config.obj (.const:macRfDriverTable)
                  00001dd8    00000040     mac_user_config.obj (.const:macCryptoDriverTable)
                  00001e18    00000020     mac_user_config.obj (.const:$P$T0$1$22)

.cinit     0    00015948    00000448     
                  00015948    000003e3     (.cinit..data.load) [load image, compression = lzss]
                  00015d2b    00000001     --HOLE-- [fill = 0]
                  00015d2c    0000000c     (__TI_handler_table)
                  00015d38    00000008     (.cinit..bss.load) [load image, compression = zero_init]
                  00015d40    00000008     (.cinit..data:RAM_MAC_BASE_ADDR.load) [load image, compression = zero_init]
                  00015d48    00000008     (.cinit..data:xdcRomConstPtr.load) [load image, compression = lzss]
                  00015d50    00000008     (.cinit..data:xdcRomExternFuncPtr.load) [load image, compression = lzss]
                  00015d58    00000008     (.cinit..data:xdcRomStatePtr.load) [load image, compression = lzss]
                  00015d60    00000030     (__TI_cinit_table)

.init_array 
*          0    00000000    00000000     UNINITIALIZED

.TI.bound:flashBuf0 
*          0    0004e000    00008000     UNINITIALIZED
                  0004e000    00008000     ti_drivers_config.obj (.TI.bound:flashBuf0)

.ccfg      0    00057fa8    00000058     
                  00057fa8    00000058     ti_devices_config.obj (.ccfg:retain)

.data:xdcRomConstPtr 
*          0    20000100    00000004     UNINITIALIZED
                  20000100    00000004     app_pem4f.oem4f (.data:xdcRomConstPtr)

.data:xdcRomExternFuncPtr 
*          0    20000104    00000004     UNINITIALIZED
                  20000104    00000004     app_pem4f.oem4f (.data:xdcRomExternFuncPtr)

.data:xdcRomStatePtr 
*          0    20000108    00000004     UNINITIALIZED
                  20000108    00000004     app_pem4f.oem4f (.data:xdcRomStatePtr)

.data      0    20000120    00002bf5     UNINITIALIZED
                  20000120    00000914     cui.obj (.data:$O8$$)
                  20000a34    000008c4     macTask.obj (.data:$O12$$)
                  200012f8    000006b0     main.obj (.data:$O10$$)
                  200019a8    00000334     cllc.obj (.data:$O6$$)
                  20001cdc    000001ac     csf.obj (.data:$O5$$)
                  20001e88    00000198     mac_settings.obj (.data:$O11$$)
                  20002020    00000188     osal_port.obj (.data:$O13$$)
                  200021a8    00000110     drivers_cc13x2.aem4f : PowerCC26X2.oem4f (.data:PowerCC26X2_module)
                  200022b8    0000010c     app_pem4f.oem4f (.data:ROM_stateStruct)
                  200023c4    00000004     maclib_secure_cc13x2.a : mac_autopend.obj (.data:$O19$$)
                  200023c8    000000a8                            : mac.obj (.data:$O18$$)
                  20002470    000000a0     mac_cfg.obj (.data:macMRFSKGenPhyTable)
                  20002510    0000009c     collector.obj (.data:$O4$$)
                  200025ac    00000078     nvocmp.obj (.data:$O15$$)
                  20002624    00000074     ti_radio_config.obj (.data:$O2$$)
                  20002698    0000006c     maclib_secure_cc13x2.a : hmac_global.obj (.data:fhObject)
                  20002704    00000058     csf.obj (.data:appSubMenu)
                  2000275c    00000050     cui.obj (.data:cuiMultiMenu)
                  200027ac    0000004c     app_pem4f.oem4f (.data:ti_sysbios_knl_Task_Object__table__V)
                  200027f8    00000048     app_pem4f.oem4f (.data:ti_sysbios_family_arm_cc26xx_Timer_Object__table__V)
                  20002840    00000040     maclib_secure_cc13x2.a : mac_radio.obj (.data:$O20$$)
                  20002880    00000040     csf.obj (.data:commissionSubMenu)
                  200028c0    00000040     csf.obj (.data:configureSubMenu)
                  20002900    00000040     csf.obj (.data:csfMainMenu)
                  20002940    00000038     app_pem4f.oem4f (.data:ti_sysbios_gates_GateMutex_Object__table__V)
                  20002978    00000034     api_mac.obj (.data:$O16$$)
                  200029ac    00000034     maclib_secure_cc13x2.a : hmac_global.obj (.data:macBeaconPayload)
                  200029e0    00000030                            : hmac_global.obj (.data)
                  20002a10    00000030     app_pem4f.oem4f (.data:ti_sysbios_knl_Swi_Module_State_0_readyQ__A)
                  20002a40    00000030     app_pem4f.oem4f (.data:ti_sysbios_knl_Swi_Object__table__V)
                  20002a70    00000030     app_pem4f.oem4f (.data:ti_sysbios_knl_Task_Module_State_0_readyQ__A)
                  20002aa0    00000028     maclib_secure_cc13x2.a : mac_symbol_timer.obj (.data:$O24$$)
                  20002ac8    00000024                            : mac_radio_tx.obj (.data:$O21$$)
                  20002aec    00000024                            : mac_tx.obj (.data:$O25$$)
                  20002b10    00000024                            : hmac_global.obj (.data:macActionSet)
                  20002b34    00000004     drivers_cc13x2.aem4f : GPIOCC26XX.oem4f (.data:gpioPinTable)
                  20002b38    00000020                          : TRNGCC26XX.oem4f (.data:entropyPoolBuffer)
                  20002b58    00000020     app_pem4f.oem4f (.data:ti_sysbios_knl_Clock_Object__table__V)
                  20002b78    00000020     app_pem4f.oem4f (.data:xdc_runtime_Error_IgnoreBlock)
                  20002b98    0000001c     ti_radio_config.obj (.data:pOverrides_2gfsk50kbps154g)
                  20002bb4    00000018     app_pem4f.oem4f (.data:ti_sysbios_family_arm_m3_Hwi_Object__table__V)
                  20002bcc    00000015     cui.obj (.data:gpMultiMenuTitle$6)
                  20002be1    00000002     drivers_cc13x2.aem4f : CryptoResourceCC26XX.oem4f (.data)
                  20002be3    00000001                          : AESCCMCC26XX.oem4f (.data)
                  20002be4    00000014     maclib_secure_cc13x2.a : hmac_global.obj (.data:macStateTbl)
                  20002bf8    00000010     osal_port_timers.obj (.data:$O14$$)
                  20002c08    00000010     ti_drivers_config.obj (.data:gpioCallbackFunctions)
                  20002c18    00000010     ti_drivers_config.obj (.data:gpioPinConfigs)
                  20002c28    00000010     mac_cfg.obj (.data:macCfg)
                  20002c38    0000000f     maclib_secure_cc13x2.a : mac.obj (.data)
                  20002c47    00000001     drivers_cc13x2.aem4f : NVS.oem4f (.data)
                  20002c48    0000000c     maclib_secure_cc13x2.a : mac_hl_patch.obj (.data:$O17$$)
                  20002c54    0000000c     app_pem4f.oem4f (.data:ti_sysbios_heaps_HeapCallback_Object__table__V)
                  20002c60    00000008     rtsv7M4_T_le_v4SPD16_eabi.lib : _lock.c.obj (.data:$O28$$)
                  20002c68    00000008     drivers_cc13x2.aem4f : PINCC26XX.oem4f (.data)
                  20002c70    00000008                          : TRNGCC26XX.oem4f (.data:jobList)
                  20002c78    00000008     app_pem4f.oem4f (.data:ti_sysbios_family_arm_m3_Hwi_Module__root__V)
                  20002c80    00000008     app_pem4f.oem4f (.data:ti_sysbios_gates_GateHwi_Module__root__V)
                  20002c88    00000008     app_pem4f.oem4f (.data:ti_sysbios_gates_GateMutexPri_Module__root__V)
                  20002c90    00000008     app_pem4f.oem4f (.data:ti_sysbios_gates_GateMutex_Module__root__V)
                  20002c98    00000008     app_pem4f.oem4f (.data:ti_sysbios_hal_Hwi_Module__root__V)
                  20002ca0    00000008     app_pem4f.oem4f (.data:ti_sysbios_heaps_HeapCallback_Module__root__V)
                  20002ca8    00000008     app_pem4f.oem4f (.data:ti_sysbios_heaps_HeapMem_Module__root__V)
                  20002cb0    00000008     app_pem4f.oem4f (.data:ti_sysbios_knl_Clock_Module__root__V)
                  20002cb8    00000008     app_pem4f.oem4f (.data:ti_sysbios_knl_Event_Module__root__V)
                  20002cc0    00000008     app_pem4f.oem4f (.data:ti_sysbios_knl_Mailbox_Module__root__V)
                  20002cc8    00000008     app_pem4f.oem4f (.data:ti_sysbios_knl_Queue_Module__root__V)
                  20002cd0    00000008     app_pem4f.oem4f (.data:ti_sysbios_knl_Semaphore_Module__root__V)
                  20002cd8    00000008     app_pem4f.oem4f (.data:ti_sysbios_knl_Swi_Module__root__V)
                  20002ce0    00000008     app_pem4f.oem4f (.data:ti_sysbios_knl_Task_Module__root__V)
                  20002ce8    00000005     drivers_cc13x2.aem4f : GPIOCC26XX.oem4f (.data)
                  20002ced    00000002                          : TRNGCC26XX.oem4f (.data)
                  20002cef    00000001                          : PWM.oem4f (.data)
                  20002cf0    00000004     hal_appasrt.obj (.data)
                  20002cf4    00000004     maclib_secure_cc13x2.a : lmac_global.obj (.data)
                  20002cf8    00000004     osal_port.obj (.data)
                  20002cfc    00000004     rtsv7M4_T_le_v4SPD16_eabi.lib : errno.c.obj (.data)
                  20002d00    00000004                                   : stkdepth_vars.c.obj (.data)
                  20002d04    00000004     app_pem4f.oem4f (.data:ti_sysbios_family_arm_m3_Hwi_Module_State_0_excContext__A)
                  20002d08    00000004     app_pem4f.oem4f (.data:ti_sysbios_family_arm_m3_Hwi_Module_State_0_excStack__A)
                  20002d0c    00000004     app_pem4f.oem4f (.data:ti_sysbios_knl_Task_Module_State_0_idleTask__A)
                  20002d10    00000002     app_pem4f.oem4f (.data:ti_sysbios_family_arm_m3_Hwi_Module_State_0_excActive__A)
                  20002d12    00000001     drivers_cc13x2.aem4f : UART.oem4f (.data)
                  20002d13    00000001     maclib_secure_cc13x2.a : mac_sleep.obj (.data)
                  20002d14    00000001     rf_multiMode_cc13x2.aem4f : rf_patch_cpe_prop.c.cc13x2.ccs.o (.data)

.bss       0    20002d18    000010ab     UNINITIALIZED
                  20002d18    00000450     rf_multiMode_cc13x2.aem4f : RFCC26X2_multiMode.c.cc13x2.ccs.o (.bss:$O1$$)
                  20003168    00000200     app_pem4f.oem4f (.bss:taskStackSection)
                  20003368    0000012c     (.common:uartCC26XXObjects)
                  20003494    000000fc     (.common:enhancedAckBuf)
                  20003590    000000d8     (.common:ti_sysbios_family_arm_m3_Hwi_dispatchTable)
                  20003668    000000a8     maclib_secure_cc13x2.a : mac_radio.obj (.bss:RF_object$37)
                  20003710    00000088     (.common:macPib)
                  20003798    0000007c     (.common:pinHandleTable)
                  20003814    00000078     (.common:LEDObjects)
                  2000388c    00000054     (.common:macScan)
                  200038e0    00000050     (.common:ButtonObjects)
                  20003930    00000040     (.common:macSecurityPib)
                  20003970    0000003c     (.common:macBeaconCoord)
                  200039ac    00000038     (.common:macDeviceAction1)
                  200039e4    00000034     drivers_cc13x2.aem4f : PINCC26XX.oem4f (.bss:pinSwi)
                  20003a18    00000034     (.common:macBeaconDevice)
                  20003a4c    0000002c     (.common:macCoord)
                  20003a78    0000002c     (.common:macDevice)
                  20003aa4    00000028     maclib_secure_cc13x2.a : mac_rx.obj (.bss:$O22$$)
                  20003acc    00000028     (.common:macMgmtAction1)
                  20003af4    00000020     drivers_cc13x2.aem4f : GPIOCC26XX.oem4f (.bss:gpioCallbackInfo)
                  20003b14    00000020                          : PINCC26XX.oem4f (.bss:pinGpioConfigTable)
                  20003b34    00000020     ti_drivers_config.obj (.bss:uartCC26XXRingBuffer0)
                  20003b54    00000020     (.common:macBeacon)
                  20003b74    0000001c     driverlib.lib : osc.obj (.bss:$O26$$)
                  20003b90    0000001c     drivers_cc13x2.aem4f : TRNGCC26XX.oem4f (.bss:TRNGCC26XX_hwi)
                  20003bac    0000001c                          : TRNGCC26XX.oem4f (.bss:entropyPool)
                  20003bc8    0000001c                          : PINCC26XX.oem4f (.bss:pinHwi)
                  20003be4    0000001c                          : PINCC26XX.oem4f (.bss:pinSemaphore)
                  20003c00    0000001c     (.common:CryptoResourceCC26XX_accessSemaphore)
                  20003c1c    0000001c     (.common:CryptoResourceCC26XX_hwi)
                  20003c38    0000001c     (.common:CryptoResourceCC26XX_operationSemaphore)
                  20003c54    0000001c     (.common:macCoordAction2)
                  20003c70    0000001c     (.common:macReset)
                  20003c8c    00000018     (.common:aesccmCC26XXObjects)
                  20003ca4    00000018     (.common:macScanAction)
                  20003cbc    00000014     rf_multiMode_cc13x2.aem4f : RFCC26X2_multiMode.c.cc13x2.ccs.o (.bss:RF_ratSyncCmd)
                  20003cd0    00000014     drivers_cc13x2.aem4f : Random.oem4f (.bss:state)
                  20003ce4    00000014     (.common:macDeviceAction2)
                  20003cf8    00000014     (.common:macMgmtAction2)
                  20003d0c    00000010     (.common:macBeaconDeviceAction)
                  20003d1c    00000010     (.common:macCoordAction3)
                  20003d2c    00000010     (.common:macData)
                  20003d3c    00000010     (.common:macDataTxDelay)
                  20003d4c    0000000c                          : NVSCC26XX.oem4f (.bss)
                  20003d58    0000000c                          : GPIOCC26XX.oem4f (.bss:gpioPinState)
                  20003d64    0000000c     (.common:macMain)
                  20003d70    00000008                          : GPIOCC26XX.oem4f (.bss)
                  20003d78    00000008     (.common:macBeaconCoordAction1)
                  20003d80    00000008     (.common:macCoordAction1)
                  20003d88    00000004                          : PINCC26XX.oem4f (.bss)
                  20003d8c    00000004     (.common:AESCCM_handle)
                  20003d90    00000004     (.common:ClockP_tickPeriod)
                  20003d94    00000004     (.common:FH_test_var)
                  20003d98    00000004     (.common:PowerCC26XX_swiKey)
                  20003d9c    00000004     (.common:PowerCC26XX_taskKey)
                  20003da0    00000004     (.common:macCryptoDrvTblPtr)
                  20003da4    00000004     (.common:macTimerActive)
                  20003da8    00000004     (.common:nvsCC26XXObjects)
                  20003dac    00000004     (.common:timerAlignedQ)
                  20003db0    00000004     (.common:timerUnalignedQ)
                  20003db4    00000001     maclib_secure_cc13x2.a : mac_tx.obj (.bss)
                  20003db5    00000001     rf_multiMode_cc13x2.aem4f : RFCC26X2_multiMode.c.cc13x2.ccs.o (.bss)
                  20003db6    00000001     (.common:driverlib_release_0_55938)
                  20003db7    00000001     (.common:macMgmt)
                  20003db8    00000001     (.common:macPanCoordinator)
                  20003db9    00000001     (.common:macPhyChannel)
                  20003dba    00000001     (.common:macPwr)
                  20003dbb    00000001     (.common:macRxActive)
                  20003dbc    00000001     (.common:macRxEnableFlags)
                  20003dbd    00000001     (.common:macRxOutgoingAckFlag)
                  20003dbe    00000001     (.common:macSymbolTimerImpending)
                  20003dbf    00000001     (.common:macTaskId)
                  20003dc0    00000001     (.common:macTxActive)
                  20003dc1    00000001     (.common:macUnitBackoffPeriod)
                  20003dc2    00000001     (.common:rxFhRsl)

.vtable    0    20003dc3    00000000     UNINITIALIZED

.vtable_ram 
*          0    20003dc3    00000000     UNINITIALIZED

vtable_ram 
*          0    20003dc3    00000000     UNINITIALIZED

.sysmem    0    20003dc3    00000000     UNINITIALIZED

.nonretenvar 
*          0    20003dc3    00000000     UNINITIALIZED

.stack     0    20013aa0    00000560     UNINITIALIZED
                  20013aa0    00000560     --HOLE--

.bootVecs 
*          0    00000000    00000008     DSECT
                  00000000    00000008     boot.aem4f : boot.oem4f (.bootVecs)

.resetVecs 
*          0    00000000    0000003c     
                  00000000    0000003c     app_pem4f.oem4f (.resetVecs)

.vecs      0    20000000    000000d8     NOLOAD SECTION
                  20000000    000000d8     app_pem4f.oem4f (.vecs)

xdc.meta   0    00000000    00000105     COPY SECTION
                  00000000    00000105     app_pem4f.oem4f (xdc.meta)

xdc.noload 
*          0    00000000    00000000     COPY SECTION

.data:RAM_MAC_BASE_ADDR 
*          0    2000010c    00000010     UNINITIALIZED
                  2000010c    00000010     rom_init_154.obj (.data:RAM_MAC_BASE_ADDR)

.text.1    0    00001e38    00013b10     
                  00001e38    000003f4     csf.obj (.text:Csf_init)
                  0000222c    000003d8     mac_user_config.obj (.text:rfSelect)
                  00002604    000003c0     maclib_secure_cc13x2.a : mac.obj (.text:macRxCb)
                  000029c4    00000376     api_mac.obj (.text:processIncomingICallMsg$26)
                  00002d3a    00000002     rf_multiMode_cc13x2.aem4f : rfc.c.cc13x2.ccs.o (.text:NOROM_RFCCpePatchReset)
                  00002d3c    00000354     maclib_secure_cc13x2.a : mac_rx.obj (.text:rxPayloadIsr$39)
                  00003090    0000034c                            : mac_radio_tx.obj (.text:macRadioTxGoSubG$38)
                  000033dc    000002d4                            : mac_radio_tx.obj (.text:macRadioCsmaTxCb)
                  000036b0    000002cc     nvocmp.obj (.text:NVOCMP_compact$24)
                  0000397c    000002c0     collector.obj (.text:processSensorData$3)
                  00003c3c    0000029c     nvocmp.obj (.text:NVOCMP_compactPage$24)
                  00003ed8    00000294     maclib_secure_cc13x2.a : mac_tx.obj (.text:macTxFrame)
                  0000416c    0000026c     nvocmp.obj (.text:NVOCMP_newItem$24)
                  000043d8    00000250     maclib_secure_cc13x2.a : mac_pwr.obj (.text:macPwrVote)
                  00004628    00000244     csf.obj (.text:Csf_processEvents)
                  0000486c    00000244     collector.obj (.text:dataIndCB$3)
                  00004ab0    00000234     cui.obj (.text:CUI_init)
                  00004ce4    00000228     maclib_secure_cc13x2.a : mac_tx.obj (.text:txCsmaPrep$43)
                  00004f0c    00000220                            : mac_radio.obj (.text:macRadioInitSubG)
                  0000512c    00000204     rf_multiMode_cc13x2.aem4f : RFCC26X2_multiMode.c.cc13x2.ccs.o (.text:RF_scheduleCmd)
                  00005330    00000200                               : RFCC26X2_multiMode.c.cc13x2.ccs.o (.text:RF_open)
                  00005530    000001e0     maclib_secure_cc13x2.a : mac_hl_patch.obj (.text:macWrapperAddKeyInitFCtr)
                  00005710    000001cc                            : mac.obj (.text:macSendReceiveCmdIeee)
                  000058dc    000001c4     drivers_cc13x2.aem4f : PINCC26XX.oem4f (.text:PIN_init)
                  00005aa0    000001c0     csf.obj (.text:setChMaskAction$4)
                  00005c60    000001b8     csf.obj (.text:setNwkKeyAction$4)
                  00005e18    000001ac     maclib_secure_cc13x2.a : mac_hl_patch.obj (.text:macRxBeaconCritical)
                  00005fc4    000001a8     drivers_cc13x2.aem4f : PowerCC26X2.oem4f (.text:Power_sleep)
                  0000616c    000001a4     maclib_secure_cc13x2.a : mac_hl_patch.obj (.text:macWrapperDeleteKeyAndAssociatedDevices)
                  00006310    0000019c                            : mac_hl_patch.obj (.text:macIncomingFrameSecurityMaterialRetrieval)
                  000064ac    00000198                            : mac_hl_patch.obj (.text:macWrapperDeleteDevice)
                  00006644    00000190     rf_multiMode_cc13x2.aem4f : RFCC26X2_multiMode.c.cc13x2.ccs.o (.text:RF_dispatchNextCmd)
                  000067d4    00000190     drivers_cc13x2.aem4f : PowerCC26X2_calibrateRCOSC.oem4f (.text:calibrateRcoscHf1)
                  00006964    0000018c                          : PowerCC26X2.oem4f (.text:Power_init)
                  00006af0    0000018c     maclib_secure_cc13x2.a : mac_hl_patch.obj (.text:macIncomingFrameSecurity)
                  00006c7c    0000018c     drivers_cc13x2.aem4f : PowerCC26X2_calibrateRCOSC.oem4f (.text:runCalibrateFsm)
                  00006e08    00000188     maclib_secure_cc13x2.a : mac_radio_tx.obj (.text:macRadioTxGoIeee$38)
                  00006f90    00000188                            : mac_tx.obj (.text:txCsmaDelay)
                  00007118    00000186     drivers_cc13x2.aem4f : Button.oem4f (.text:Button_clockTimeoutHandler)
                  0000729e    00000002     rf_multiMode_cc13x2.aem4f : RFCC26X2_multiMode.c.cc13x2.ccs.o (.text:RF_defaultCallback)
                  000072a0    00000180     maclib_secure_cc13x2.a : mac_radio_tx.obj (.text:macRadioTxAck$38)
                  00007420    00000178     csf.obj (.text:setPanIdAction$4)
                  00007598    0000016c     maclib_secure_cc13x2.a : mac_radio_tx.obj (.text:macRadioTxPrepCsmaUnslotted)
                  00007704    00000164     drivers_cc13x2.aem4f : UARTCC26XX.oem4f (.text:UARTCC26XX_open)
                  00007868    00000164     maclib_secure_cc13x2.a : mac_hl_patch.obj (.text:macWrapperDeleteAllDevices)
                  000079cc    00000158     cui.obj (.text:CUI_dispMenu$6)
                  00007b24    00000154     driverlib.lib : sys_ctrl.obj (.text:NOROM_SysCtrlStandby)
                  00007c78    00000154     drivers_cc13x2.aem4f : UARTCC26XX.oem4f (.text:UARTCC26XX_hwiIntFxn)
                  00007dcc    00000150     csf.obj (.text:Csf_deviceUpdate)
                  00007f1c    00000148     rf_multiMode_cc13x2.aem4f : RFCC26X2_multiMode.c.cc13x2.ccs.o (.text:RF_fsmSetupState)
                  00008064    00000148     maclib_secure_cc13x2.a : mac_radio_tx.obj (.text:macRadioLbtTxCb)
                  000081ac    00000144                            : mac.obj (.text:macSendReceiveCmdSubG)
                  000082f0    00000144     csf.obj (.text:updateCollectorStatusLine$4)
                  00008434    00000140     nvocmp.obj (.text:NVOCMP_migratePage$24)
                  00008574    00000140     csf.obj (.text:sensorSelectAction$4)
                  000086b4    0000013c     cui.obj (.text:CUI_statusLinePrintf)
                  000087f0    0000013c     rf_multiMode_cc13x2.aem4f : RFCC26X2_multiMode.c.cc13x2.ccs.o (.text:RF_ratSetupChannel)
                  0000892c    0000013a     drivers_cc13x2.aem4f : UARTCC26XX.oem4f (.text:UARTCC26XX_read)
                  00008a66    00000002     rtsv7M4_T_le_v4SPD16_eabi.lib : _lock.c.obj (.text:_nop)
                  00008a68    00000138     drivers_cc13x2.aem4f : NVSCC26XX.oem4f (.text:NVSCC26XX_write)
                  00008ba0    00000138     collector.obj (.text:generateTrackingRequests$3)
                  00008cd8    00000134     rf_multiMode_cc13x2.aem4f : RFCC26X2_multiMode.c.cc13x2.ccs.o (.text:RF_abortCmd)
                  00008e0c    00000130     drivers_cc13x2.aem4f : AESCCMCC26XX.oem4f (.text:AESCCM_startOperation)
                  00008f3c    00000130     rf_multiMode_cc13x2.aem4f : RFCC26X2_multiMode.c.cc13x2.ccs.o (.text:RF_initRadioSetup)
                  0000906c    00000130     maclib_secure_cc13x2.a : mac_radio.obj (.text:macRadioInitIeee)
                  0000919c    00000130     rtsv7M4_T_le_v4SPD16_eabi.lib : strtol.c.obj (.text:strtol)
                  000092cc    0000011c     rf_multiMode_cc13x2.aem4f : RFCC26X2_multiMode.c.cc13x2.ccs.o (.text:RF_radioOpDoneCb)
                  000093e8    00000118     maclib_secure_cc13x2.a : mac_low_level.obj (.text:macLowLevelBufferInit)
                  00009500    00000118                            : mac.obj (.text:macSetupRATChanCompare)
                  00009618    00000114                            : mac_hl_patch.obj (.text:macEdScanISR)
                  0000972c    00000114                            : mac_hl_patch.obj (.text:macScanNextChan)
                  00009840    00000112     rf_multiMode_cc13x2.aem4f : RFCC26X2_multiMode.c.cc13x2.ccs.o (.text:RF_decodeOverridePointers)
                  00009952    00000002     drivers_cc13x2.aem4f : PowerCC26X2.oem4f (.text:emptyClockFunc)
                  00009954    00000110     cui.obj (.text:CUI_menuActionHelp)
                  00009a64    00000110     drivers_cc13x2.aem4f : GPIOCC26XX.oem4f (.text:GPIO_setConfig)
                  00009b74    00000110                          : LED.oem4f (.text:LED_open)
                  00009c84    00000110     rf_multiMode_cc13x2.aem4f : RFCC26X2_multiMode.c.cc13x2.ccs.o (.text:RF_close)
                  00009d94    00000110     collector.obj (.text:dataCnfCB$3)
                  00009ea4    00000110     csf.obj (.text:sensorSetReportInterval$4)
                  00009fb4    00000106     app_pem4f.oem4f (.text:xdc_runtime_System_printfExtend__I)
                  0000a0ba    00000002     drivers_cc13x2.aem4f : CryptoResourceCC26XX.oem4f (.text:errorSpin)
                  0000a0bc    00000104     nvocmp.obj (.text:NVOCMP_findItem$24)
                  0000a1c0    00000100     drivers_cc13x2.aem4f : PowerCC26X2.oem4f (.text:configureXOSCHF)
                  0000a2c0    000000fc     cui.obj (.text:CUI_statusLineResourceRequest)
                  0000a3bc    000000fc     rf_multiMode_cc13x2.aem4f : RFCC26X2_multiMode.c.cc13x2.ccs.o (.text:RF_hwiCpe0Active)
                  0000a4b8    000000fc     maclib_secure_cc13x2.a : mac_hl_patch.obj (.text:macOutgoingFrameKeyDescRetrieval)
                  0000a5b4    000000f8     drivers_cc13x2.aem4f : PINCC26XX.oem4f (.text:PINCC26XX_setIoCfg)
                  0000a6ac    000000f8     maclib_secure_cc13x2.a : mac_tx.obj (.text:macTxChannelBusyCallback)
                  0000a7a4    000000f0     rf_multiMode_cc13x2.aem4f : RFCC26X2_multiMode.c.cc13x2.ccs.o (.text:RF_fsmPowerUpState)
                  0000a894    000000f0     maclib_secure_cc13x2.a : mac_hl_patch.obj (.text:macScanRxCoordRealign)
                  0000a984    000000ec     nvocmp.obj (.text:NVOCMP_cleanPage$24)
                  0000aa70    000000ec     maclib_secure_cc13x2.a : mac_radio.obj (.text:macRadioPowerUp)
                  0000ab5c    000000e8     drivers_cc13x2.aem4f : Button.oem4f (.text:Button_open)
                  0000ac44    000000e8     maclib_secure_cc13x2.a : mac.obj (.text:macSetupReceiveCmd)
                  0000ad2c    000000e4                            : mac_hl_patch.obj (.text:macOutgoingFrameSecurity)
                  0000ae10    000000e4                            : mac_rx.obj (.text:rxPostRxUpdates$39)
                  0000aef4    000000e0     drivers_cc13x2.aem4f : UARTCC26XX.oem4f (.text:UARTCC26XX_write)
                  0000afd4    000000dc     maclib_secure_cc13x2.a : mac.obj (.text:macSendFsCmd)
                  0000b0b0    000000d8     driverlib.lib : setup.obj (.text:TrimAfterColdResetWakeupFromShutDown$48)
                  0000b188    000000d8     maclib_secure_cc13x2.a : mac_hl_patch.obj (.text:macCcmStarTransform)
                  0000b260    000000d4     collector.obj (.text:Collector_sendConfigRequest)
                  0000b334    000000d4     rf_multiMode_cc13x2.aem4f : RFCC26X2_multiMode.c.cc13x2.ccs.o (.text:RF_pendCmd)
                  0000b408    000000d2                               : RFCC26X2_multiMode.c.cc13x2.ccs.o (.text:RF_updatePaConfiguration)
                  0000b4da    00000002     maclib_secure_cc13x2.a : mac_pwr.obj (.text:macApiPwrOnReq)
                  0000b4dc    000000d0     rf_multiMode_cc13x2.aem4f : RFCC26X2_multiMode.c.cc13x2.ccs.o (.text:RF_swiHw)
                  0000b5ac    000000cc                               : RFCC26X2_multiMode.c.cc13x2.ccs.o (.text:RF_control)
                  0000b678    000000cc     maclib_secure_cc13x2.a : mac_timer.obj (.text:macSymbolTimerTriggerCallback)
                  0000b744    000000c8     cui.obj (.text:CUI_handleMenuIntercept$6)
                  0000b80c    000000c8     drivers_cc13x2.aem4f : PowerCC26X2.oem4f (.text:Power_releaseDependency)
                  0000b8d4    000000c4                          : GPIOCC26XX.oem4f (.text:GPIO_init)
                  0000b998    000000c4                          : PowerCC26X2.oem4f (.text:Power_setDependency)
                  0000ba5c    000000c4     maclib_secure_cc13x2.a : mac_hl_patch.obj (.text:macApiStartReq)
                  0000bb20    000000c0     nvocmp.obj (.text:NVOCMP_erase$24)
                  0000bbe0    000000c0     drivers_cc13x2.aem4f : UARTCC26XX.oem4f (.text:UARTCC26XX_initIO)
                  0000bca0    000000bc     maclib_secure_cc13x2.a : mac_hl_patch.obj (.text:macAutoPoll)
                  0000bd5c    000000b8     drivers_cc13x2.aem4f : UARTCC26XX.oem4f (.text:UARTCC26XX_initHw)
                  0000be14    000000b4     maclib_secure_cc13x2.a : mac_pwr.obj (.text:MAC_PwrOffReq)
                  0000bec8    000000b4     dpl_cc13x2.aem4f : PowerCC26X2_tirtos.oem4f (.text:PowerCC26XX_standbyPolicy)
                  0000bf7c    000000b4     drivers_cc13x2.aem4f : TRNGCC26XX.oem4f (.text:TRNG_generateEntropy)
                  0000c030    000000b4     maclib_secure_cc13x2.a : mac_tx.obj (.text:txComplete)
                  0000c0e4    000000b0                            : mac_autopend.obj (.text:MAC_SrcMatchAddEntry)
                  0000c194    000000b0     cllc.obj (.text:assocIndCb$5)
                  0000c244    000000ac     drivers_cc13x2.aem4f : PINCC26XX.oem4f (.text:PIN_open)
                  0000c2f0    000000ac     maclib_secure_cc13x2.a : mac_hl_patch.obj (.text:macApiBeaconStartReq)
                  0000c39c    000000ac     macTask.obj (.text:macTaskInit)
                  0000c448    000000ac     api_mac.obj (.text:processBeaconNotifyInd$26)
                  0000c4f4    000000a8     driverlib.lib : setup.obj (.text:NOROM_SetupTrimDevice)
                  0000c59c    000000a8     maclib_secure_cc13x2.a : mac_radio_tx.obj (.text:macRadioTxAckCb$38)
                  0000c644    000000a8                            : mac_symbol_timer.obj (.text:macSymbolTimerInit)
                  0000c6ec    000000a4     rf_multiMode_cc13x2.aem4f : RFCC26X2_multiMode.c.cc13x2.ccs.o (.text:RF_ratRestartChannels)
                  0000c790    000000a4                               : RFCC26X2_multiMode.c.cc13x2.ccs.o (.text:RF_requestAccess)
                  0000c834    000000a4     maclib_secure_cc13x2.a : mac_hl_patch.obj (.text:macCcmStarInverseTransform)
                  0000c8d8    000000a4                            : mac_radio.obj (.text:macRadioUpdateTxPower)
                  0000c97c    000000a0     csf.obj (.text:Csf_getDevice)
                  0000ca1c    000000a0     auto_init.aem4f : auto_init.oem4f (.text)
                  0000cabc    000000a0     maclib_secure_cc13x2.a : mac_hl_patch.obj (.text:macBlacklistChecking)
                  0000cb5c    000000a0                            : mac_radio_tx.obj (.text:macRadioTxPrepLbt)
                  0000cbfc    000000a0     rom_sysbios.aem4f : rom_sysbios.obj (.text:ti_sysbios_knl_Task_setPri__E)
                  0000cc9c    0000009c     cllc.obj (.text:Cllc_init)
                  0000cd38    0000009c     nvocmp.obj (.text:NVOCMP_readHeader$24)
                  0000cdd4    0000009c     rf_multiMode_cc13x2.aem4f : RFCC26X2_multiMode.c.cc13x2.ccs.o (.text:RF_calculateDispatchTime)
                  0000ce70    0000009c     csf.obj (.text:findBlackListIndex$4)
                  0000cf0c    0000009c     maclib_secure_cc13x2.a : mac.obj (.text:macGetRFCmdDuration)
                  0000cfa8    0000009c                            : mac_radio.obj (.text:macRadioStartScan)
                  0000d044    0000009c                            : mac_radio_tx.obj (.text:macRadioTxEnhAckCb)
                  0000d0e0    0000009c                            : mac_timer.obj (.text:macTimerRealign)
                  0000d17c    0000009c     rtsv7M4_T_le_v4SPD16_eabi.lib : memcpy_t2.asm.obj (.text)
                  0000d218    00000098     drivers_cc13x2.aem4f : UARTCC26XX.oem4f (.text:writeTxFifoFlush)
                  0000d2b0    00000096     rtsv7M4_T_le_v4SPD16_eabi.lib : ull_div_t2.asm.obj (.text)
                  0000d346    00000002     maclib_secure_cc13x2.a : mac_radio.obj (.text:macRadioSetRE)
                  0000d348    00000094     csf.obj (.text:Csf_updateFrameCounter)
                  0000d3dc    00000094     rf_multiMode_cc13x2.aem4f : RFCC26X2_multiMode.c.cc13x2.ccs.o (.text:RF_getInfo)
                  0000d470    00000094     drivers_cc13x2.aem4f : TRNGCC26XX.oem4f (.text:TRNGCC26XX_hwiFxn)
                  0000d504    00000094     maclib_secure_cc13x2.a : mac_hl_patch.obj (.text:macIncomingSecurityLevelChecking)
                  0000d598    00000094                            : mac_radio.obj (.text:macRadioUpdateChannel)
                  0000d62c    00000094                            : mac_radio.obj (.text:macRadioUpdateChannelRx)
                  0000d6c0    00000094                            : mac.obj (.text:macRatCb_A)
                  0000d754    00000094     collector.obj (.text:sendMsg$3)
                  0000d7e8    00000092     drivers_cc13x2.aem4f : UARTCC26XX.oem4f (.text:UARTCC26XX_writeCancel)
                  0000d87a    00000002     rtsv7M4_T_le_v4SPD16_eabi.lib : div0.asm.obj (.text)
                  0000d87c    00000090     CC1352R1_LAUNCHXL_fxns.obj (.text:CC1352R1_LAUNCHXL_shutDownExtFlash)
                  0000d90c    00000090     rf_multiMode_cc13x2.aem4f : RFCC26X2_multiMode.c.cc13x2.ccs.o (.text:RF_discardPendCmd)
                  0000d99c    00000090     maclib_secure_cc13x2.a : mac_hl_patch.obj (.text:macCcmDecrypt)
                  0000da2c    0000008c     osal_port.obj (.text:OsalPort_heapMalloc$20)
                  0000dab8    0000008c     osal_port.obj (.text:OsalPort_setTimer)
                  0000db44    0000008c     api_mac.obj (.text:copyDataInd$26)
                  0000dbd0    0000008c     maclib_secure_cc13x2.a : mac_hl_patch.obj (.text:macCcmEncrypt)
                  0000dc5c    0000008c     rom_sysbios.aem4f : rom_sysbios.obj (.text:ti_sysbios_gates_GateMutexPri_enter__E)
                  0000dce8    00000088     maclib_secure_cc13x2.a : mac_autopend.obj (.text:MAC_SrcMatchEnable)
                  0000dd70    00000088     driverlib.lib : osc.obj (.text:NOROM_OSCHF_AttemptToSwitchToXosc)
                  0000ddf8    00000088     rf_multiMode_cc13x2.aem4f : RFCC26X2_multiMode.c.cc13x2.ccs.o (.text:RF_cmdDispatchTime)
                  0000de80    00000088                               : RFCC26X2_multiMode.c.cc13x2.ccs.o (.text:RF_getTxPower)
                  0000df08    00000088     drivers_cc13x2.aem4f : PowerCC26X2_calibrateRCOSC.oem4f (.text:calibrateRcoscHf2)
                  0000df90    00000088                          : PowerCC26X2.oem4f (.text:disableLFClockQualifiers)
                  0000e018    00000088     maclib_secure_cc13x2.a : mac_hl_patch.obj (.text:macKeyDescriptorLookup)
                  0000e0a0    00000088                            : mac_mcu.obj (.text:macMcuBitReverse)
                  0000e128    00000088     drivers_cc13x2.aem4f : PowerCC26X2_calibrateRCOSC.oem4f (.text:updateSubSecInc)
                  0000e1b0    00000084     cui.obj (.text:CUI_writeString$6)
                  0000e234    00000084     cllc.obj (.text:Cllc_removeDevice)
                  0000e2b8    00000084     rf_multiMode_cc13x2.aem4f : RFCC26X2_multiMode.c.cc13x2.ccs.o (.text:RF_issueRadioFreeCb)
                  0000e33c    00000084                               : RFCC26X2_multiMode.c.cc13x2.ccs.o (.text:RF_verifyGap)
                  0000e3c0    00000084     drivers_cc13x2.aem4f : UARTCC26XX.oem4f (.text:UARTCC26XX_close)
                  0000e444    00000084     maclib_secure_cc13x2.a : mac_rx_onoff.obj (.text:macRxOffRequest)
                  0000e4c8    00000084                            : mac_timer.obj (.text:macTimerUpdateSymbolTimer)
                  0000e54c    00000080     api_mac.obj (.text:ApiMac_init)
                  0000e5cc    00000080     drivers_cc13x2.aem4f : NVSCC26XX.oem4f (.text:NVSCC26XX_open)
                  0000e64c    00000080     cllc.obj (.text:beaconNotifyIndCb$5)
                  0000e6cc    00000080     maclib_secure_cc13x2.a : mac_mcu.obj (.text:macMcuOverflowSetPeriod)
                  0000e74c    00000080                            : mac_radio.obj (.text:macRadioWakeupCb)
                  0000e7cc    00000080                            : mac_autopend.obj (.text:macSrcMatchCheckSrcAddr$34)
                  0000e84c    00000080     rom_sysbios.aem4f : rom_sysbios.obj (.text:ti_sysbios_family_arm_cc26xx_Timer_start__E)
                  0000e8cc    00000080     maclib_secure_cc13x2.a : mac_tx.obj (.text:txGo$43)
                  0000e94c    0000007c     csf.obj (.text:Csf_getDeviceItem)
                  0000e9c8    0000007c     rf_multiMode_cc13x2.aem4f : RFCC26X2_multiMode.c.cc13x2.ccs.o (.text:RF_ratFreeChannel)
                  0000ea44    0000007c     csf.obj (.text:findDeviceListIndex$4)
                  0000eac0    0000007c     maclib_secure_cc13x2.a : mac_mcu.obj (.text:macMcuOverflowSetCompare)
                  0000eb3c    0000007c                            : mac_rx_onoff.obj (.text:macRxOn)
                  0000ebb8    0000007c     osal_port.obj (.text:osalHeapInitFxn)
                  0000ec34    0000007a     rtsv7M4_T_le_v4SPD16_eabi.lib : memset_t2.asm.obj (.text)
                  0000ecae    00000002     app_pem4f.oem4f (.text:ti_sysbios_BIOS_nullFunc__I)
                  0000ecb0    00000078     cllc.obj (.text:Cllc_securityInit)
                  0000ed28    00000078     nvocmp.obj (.text:NVOCMP_checkItem$24)
                  0000eda0    00000078     nvocmp.obj (.text:NVOCMP_deleteItemApi$24)
                  0000ee18    00000078     nvocmp.obj (.text:NVOCMP_readItemApi$24)
                  0000ee90    00000074     csf.obj (.text:Csf_removeDevice)
                  0000ef04    00000074     nvocmp.obj (.text:NVOCMP_writeItemApi$24)
                  0000ef78    00000074     drivers_cc13x2.aem4f : PowerCC26X2_calibrateRCOSC.oem4f (.text:PowerCC26X2_auxISR)
                  0000efec    00000074     rf_multiMode_cc13x2.aem4f : RFCC26X2_multiMode.c.cc13x2.ccs.o (.text:RF_yield)
                  0000f060    00000074     drivers_cc13x2.aem4f : TRNGCC26XX.oem4f (.text:TRNG_construct)
                  0000f0d4    00000074     cllc.obj (.text:scanCnfCb$5)
                  0000f148    00000074     rom_sysbios.aem4f : rom_sysbios.obj (.text:ti_sysbios_gates_GateMutexPri_leave__E)
                  0000f1bc    00000072     rf_multiMode_cc13x2.aem4f : RFCC26X2_multiMode.c.cc13x2.ccs.o (.text:RF_detachOverrides)
                  0000f22e    00000002     rom_sysbios.aem4f : rom_sysbios.obj (.text:ti_sysbios_heaps_HeapCallback_defaultDelete)
                  0000f230    00000070     drivers_cc13x2.aem4f : AESCCMCC26XX.oem4f (.text:AESCCM_cleanup)
                  0000f2a0    00000070     rf_multiMode_cc13x2.aem4f : rfc.c.cc13x2.ccs.o (.text:NOROM_RFCAnaDivTxOverride)
                  0000f310    00000070     nvocmp.obj (.text:NVOCMP_createItemApi$24)
                  0000f380    00000070     drivers_cc13x2.aem4f : PINCC26XX.oem4f (.text:PIN_add)
                  0000f3f0    00000070     rf_multiMode_cc13x2.aem4f : RFCC26X2_multiMode.c.cc13x2.ccs.o (.text:RF_hwiHw)
                  0000f460    00000070     drivers_cc13x2.aem4f : Random.oem4f (.text:Random_seedAutomatic)
                  0000f4d0    00000070     cllc.obj (.text:sendStartReq$5)
                  0000f540    0000006e     rf_multiMode_cc13x2.aem4f : RFCC26X2_multiMode.c.cc13x2.ccs.o (.text:RF_attachOverrides)
                  0000f5ae    0000006e                               : RFCC26X2_multiMode.c.cc13x2.ccs.o (.text:RF_howToSchedule)
                  0000f61c    0000006e     rtsv7M4_T_le_v4SPD16_eabi.lib : ll_div_t2.asm.obj (.text)
                  0000f68a    00000002     rom_sysbios.aem4f : rom_sysbios.obj (.text:xdc_runtime_SysCallback_defaultAbort)
                  0000f68c    0000006d                       : rom_sysbios.obj (.text:xdc_runtime_System_formatNum__I)
                  0000f6f9    00000001     --HOLE-- [fill = 0]
                  0000f6fa    00000002                       : rom_sysbios.obj (.text:xdc_runtime_SysCallback_defaultExit)
                  0000f6fc    0000006c     cllc.obj (.text:Cllc_restoreNetwork)
                  0000f768    0000006c     rf_multiMode_cc13x2.aem4f : RFCC26X2_multiMode.c.cc13x2.ccs.o (.text:RF_ratDisableChannel)
                  0000f7d4    0000006c     maclib_secure_cc13x2.a : mac_hl_patch.obj (.text:macTrackPeriodCallback)
                  0000f840    0000006c                            : mac_tx.obj (.text:macTxDoneCallback)
                  0000f8ac    00000068     nvocmp.obj (.text:NVOCMP_findSignature$24)
                  0000f914    00000068     osal_port.obj (.text:OsalPort_registerTask)
                  0000f97c    00000068     rf_multiMode_cc13x2.aem4f : RFCC26X2_multiMode.c.cc13x2.ccs.o (.text:RF_getCurrentTime)
                  0000f9e4    00000068     rtsv7M4_T_le_v4SPD16_eabi.lib : copy_decompress_lzss.c.obj (.text:decompress:lzss:__TI_decompress_lzss)
                  0000fa4c    00000068     maclib_secure_cc13x2.a : mac_radio_tx.obj (.text:macRadioTxBackoffBoundary)
                  0000fab4    00000068                            : mac_rx.obj (.text:macRxHaltCleanup)
                  0000fb1c    00000068                            : mac.obj (.text:macSetupFsCmd)
                  0000fb84    00000068     cllc.obj (.text:orphanIndCb$5)
                  0000fbec    00000064     drivers_cc13x2.aem4f : AESCCMCC26XX.oem4f (.text:AESCCM_waitForResult)
                  0000fc50    00000064                          : Button.oem4f (.text:Button_gpioCallbackFxn)
                  0000fcb4    00000064     driverlib.lib : osc.obj (.text:NOROM_OSCHF_SwitchToRcOscTurnOffXosc)
                  0000fd18    00000064                   : osc.obj (.text:NOROM_OSC_HPOSCRtcCompensate)
                  0000fd7c    00000064     nvocmp.obj (.text:NVOCMP_copyItem$24)
                  0000fde0    00000064     osal_port.obj (.text:OsalPort_clearEvent)
                  0000fe44    00000064     osal_port.obj (.text:OsalPort_pwrmgrTaskState)
                  0000fea8    00000064     rf_multiMode_cc13x2.aem4f : RFCC26X2_multiMode.c.cc13x2.ccs.o (.text:RF_dispatchNextEvent)
                  0000ff0c    00000064     drivers_cc13x2.aem4f : UARTCC26XX.oem4f (.text:UARTCC26XX_control)
                  0000ff70    00000064     collector.obj (.text:cllcStartedCB$3)
                  0000ffd4    00000064     csf.obj (.text:getTheFirstDevice$4)
                  00010038    00000064     maclib_secure_cc13x2.a : mac.obj (.text:macFsCb$33)
                  0001009c    00000064                            : mac_timer.obj (.text:macSymbolTimerRolloverCallback)
                  00010100    00000064                            : mac_timer.obj (.text:macTimerAddTimer)
                  00010164    00000064     main.obj (.text:main)
                  000101c8    00000062     drivers_cc13x2.aem4f : UARTCC26XX.oem4f (.text:UARTCC26XX_swiIntFxn)
                  0001022a    00000002     rom_sysbios.aem4f : rom_sysbios.obj (.text:xdc_runtime_SysCallback_defaultFlush)
                  0001022c    00000060     drivers_cc13x2.aem4f : AESCCMCC26XX.oem4f (.text:AESCCM_hwiFxn)
                  0001028c    00000060                          : CryptoResourceCC26XX.oem4f (.text:CryptoResourceCC26XX_constructRTOSObjects)
                  000102ec    00000060                          : GPIOCC26XX.oem4f (.text:GPIO_write)
                  0001034c    00000060     rf_multiMode_cc13x2.aem4f : RFCC26X2_multiMode.c.cc13x2.ccs.o (.text:RF_applyRfCorePatch)
                  000103ac    00000060     drivers_cc13x2.aem4f : TRNGCC26XX.oem4f (.text:TRNGCC26XX_startTrng)
                  0001040c    00000060     csf.obj (.text:findUnusedDeviceListIndex$4)
                  0001046c    00000060     maclib_secure_cc13x2.a : mac_radio.obj (.text:macGetRadioTxPowerReg)
                  000104cc    00000060                            : mac_timer.obj (.text:macTimerCancel)
                  0001052c    00000060                            : mac_timer.obj (.text:macTimerGetNextTimer)
                  0001058c    00000060     collector.obj (.text:orphanIndCb$3)
                  000105ec    00000060     collector.obj (.text:processDataRetry$3)
                  0001064c    00000060     collector.obj (.text:processIdendifyLedRequest$3)
                  000106ac    00000060     cllc.obj (.text:sendScanReq$5)
                  0001070c    0000005e     api_mac.obj (.text:convertTxOptions)
                  0001076a    00000002     rom_sysbios.aem4f : rom_sysbios.obj (.text:xdc_runtime_SysCallback_defaultPutch)
                  0001076c    0000005c     osal_port.obj (.text:OsalPort_msgReceive)
                  000107c8    0000005c     osal_port.obj (.text:OsalPort_setEvent)
                  00010824    0000005c     drivers_cc13x2.aem4f : PINCC26XX.oem4f (.text:PIN_remove)
                  00010880    0000005c     rf_multiMode_cc13x2.aem4f : RFCC26X2_multiMode.c.cc13x2.ccs.o (.text:RF_syncCb)
                  000108dc    0000005c     drivers_cc13x2.aem4f : NVSCC26XX.oem4f (.text:doErase)
                  00010938    0000005c     maclib_secure_cc13x2.a : mac_hl_patch.obj (.text:macSetDefaultsByPatch)
                  00010994    0000005c     collector.obj (.text:sendBroadcastMsg$3)
                  000109f0    0000005c     app_pem4f.oem4f (.text:xdc_runtime_Startup_getState__I)
                  00010a4c    00000058     nvocmp.obj (.text:NVOCMP_getItemLenApi$24)
                  00010aa4    00000058     nvocmp.obj (.text:NVOCMP_readItem$24)
                  00010afc    00000058     drivers_cc13x2.aem4f : PowerCC26X2_calibrateRCOSC.oem4f (.text:PowerCC26X2_initiateCalibration)
                  00010b54    00000058     rf_multiMode_cc13x2.aem4f : RFCC26X2_multiMode.c.cc13x2.ccs.o (.text:RF_TxPowerTable_findValue)
                  00010bac    00000058                               : RFCC26X2_multiMode.c.cc13x2.ccs.o (.text:RF_fsmXOSCState)
                  00010c04    00000058                               : RFCC26X2_multiMode.c.cc13x2.ccs.o (.text:RF_hwiCpe0PowerFsm)
                  00010c5c    00000058     drivers_cc13x2.aem4f : TRNGCC26XX.oem4f (.text:TRNG_init)
                  00010cb4    00000058     boot.aem4f : boot.oem4f (.text)
                  00010d0c    00000058     maclib_secure_cc13x2.a : mac_radio.obj (.text:macRadioSetChannelRx)
                  00010d64    00000056     rf_multiMode_cc13x2.aem4f : RFCC26X2_multiMode.c.cc13x2.ccs.o (.text:RF_defaultSubmitPolicy)
                  00010dba    00000002     --HOLE-- [fill = 0]
                  00010dbc    00000054     drivers_cc13x2.aem4f : AESCCMCC26XX.oem4f (.text:AESCCM_construct)
                  00010e10    00000054     cllc.obj (.text:Cllc_addSecDevice)
                  00010e64    00000054     driverlib.lib : chipinfo.obj (.text:NOROM_ChipInfo_GetChipType)
                  00010eb8    00000054     nvocmp.obj (.text:NVOCMP_doNVCRC$24)
                  00010f0c    00000054     drivers_cc13x2.aem4f : NVSCC26XX.oem4f (.text:NVSCC26XX_init)
                  00010f60    00000054                          : StructRingBuf.oem4f (.text:StructRingBuf_put)
                  00010fb4    00000054     maclib_secure_cc13x2.a : mac_hl_patch.obj (.text:macIncomingKeyUsagePolicyChecking)
                  00011008    00000054                            : mac_radio.obj (.text:macRadioSetChannel)
                  0001105c    00000054                            : mac.obj (.text:macStopCmd)
                  000110b0    00000054                            : mac_tx.obj (.text:macTxAckReceivedCallback)
                  00011104    00000054     api_mac.obj (.text:processScanCnf$26)
                  00011158    00000054     csf.obj (.text:sendToggleAndUpdateUser$4)
                  000111ac    00000054     collector.obj (.text:sendTrackingRequest$3)
                  00011200    00000050     dpl_cc13x2.aem4f : ClockP_tirtos.oem4f (.text:ClockP_construct)
                  00011250    00000050                      : ClockP_tirtos.oem4f (.text:ClockP_create)
                  000112a0    00000050     csf.obj (.text:Csf_deviceDisassocUpdate)
                  000112f0    00000050     drivers_cc13x2.aem4f : GPIOCC26XX.oem4f (.text:GPIO_enableInt)
                  00011340    00000050                          : LED.oem4f (.text:LED_startBlinking)
                  00011390    00000050     nvocmp.obj (.text:NVOCMP_findOffset$24)
                  000113e0    00000050     rf_multiMode_cc13x2.aem4f : RFCC26X2_multiMode.c.cc13x2.ccs.o (.text:RF_wakeupNotification)
                  00011430    00000050     drivers_cc13x2.aem4f : TRNGCC26XX.oem4f (.text:TRNGCC26XX_waitForResult)
                  00011480    00000050     maclib_secure_cc13x2.a : mac_sleep.obj (.text:macCanSleep)
                  000114d0    00000050                            : mac_radio.obj (.text:macRadioSetPanCoordinator)
                  00011520    00000050                            : mac_rx_onoff.obj (.text:macRxDisable)
                  00011570    00000050                            : mac_timer.obj (.text:macTimerStart)
                  000115c0    00000050     cllc.obj (.text:maintainAssocTable$5)
                  00011610    0000004c     nvocmp.obj (.text:NVOCMP_setItemInactive$24)
                  0001165c    0000004c     osal_port.obj (.text:OsalPort_msgSend)
                  000116a8    0000004c     drivers_cc13x2.aem4f : StructRingBuf.oem4f (.text:StructRingBuf_get)
                  000116f4    0000004c                          : UARTCC26XX.oem4f (.text:UARTCC26XX_readCancel)
                  00011740    0000004c     rtsv7M4_T_le_v4SPD16_eabi.lib : atoi.c.obj (.text:atoi)
                  0001178c    0000004c                                   : cpy_tbl.c.obj (.text:copy_in)
                  000117d8    0000004c     maclib_secure_cc13x2.a : mac_radio_tx.obj (.text:macRadioTxHandleAck)
                  00011824    0000004c     osal_port.obj (.text:osalHeapGetStatsFxn)
                  00011870    0000004c     drivers_cc13x2.aem4f : UARTCC26XX.oem4f (.text:startTxFifoEmptyClk)
                  000118bc    0000004c                          : PowerCC26X2.oem4f (.text:switchXOSCHF)
                  00011908    0000004a     csf.obj (.text:uintToString$4)
                  00011952    00000002     --HOLE-- [fill = 0]
                  00011954    00000048     CC1352R1_LAUNCHXL_fxns.obj (.text:CC1352R1_LAUNCHXL_wakeUpExtFlash)
                  0001199c    00000048     cui.obj (.text:CUI_updateCursor$6)
                  000119e4    00000048     csf.obj (.text:Csf_getNumDeviceListEntries)
                  00011a2c    00000048     rf_multiMode_cc13x2.aem4f : rfc.c.cc13x2.ccs.o (.text:NOROM_RFCSynthPowerDown)
                  00011a74    00000048     nvocmp.obj (.text:NVOCMP_write$24)
                  00011abc    00000048     drivers_cc13x2.aem4f : NVS.oem4f (.text:NVS_open)
                  00011b04    00000048                          : PINCC26XX.oem4f (.text:PIN_setOutputEnable)
                  00011b4c    00000048                          : PowerCC26X2_calibrateRCOSC.oem4f (.text:PowerCC26X2_RCOSC_clockFunc)
                  00011b94    00000048                          : PowerCC26X2.oem4f (.text:PowerCC26XX_switchXOSC_HF)
                  00011bdc    00000048     util_timer.obj (.text:Timer_construct)
                  00011c24    00000048     cui.obj (.text:UartReadCallback$6)
                  00011c6c    00000048     drivers_cc13x2.aem4f : NVSCC26XX.oem4f (.text:disableFlashCache)
                  00011cb4    00000048     csf.obj (.text:formNwkAndUpdateUser$4)
                  00011cfc    00000048     csf.obj (.text:getNumBlackListEntries$4)
                  00011d44    00000048     cui.obj (.text:handleButtonCallback$6)
                  00011d8c    00000048     maclib_secure_cc13x2.a : mac_radio.obj (.text:macRadioNeedAdjustPower)
                  00011dd4    00000048                            : mac_radio.obj (.text:macRadioStopScan)
                  00011e1c    00000048                            : mac_timer.obj (.text:macTimerUpdActive)
                  00011e64    00000048     drivers_cc13x2.aem4f : UARTCC26XX.oem4f (.text:writeFinishedDoCallback)
                  00011eac    00000046                          : RingBuf.oem4f (.text:RingBuf_put)
                  00011ef2    00000046     maclib_secure_cc13x2.a : mac_hl_patch.obj (.text:macDeviceDescriptorLookup)
                  00011f38    00000044     cllc.obj (.text:Cllc_sendDisassociationRequest)
                  00011f7c    00000044     drivers_cc13x2.aem4f : GPIOCC26XX.oem4f (.text:GPIO_disableInt)
                  00011fc0    00000044     maclib_secure_cc13x2.a : mac_timer.obj (.text:MAC_PwrNextTimeout)
                  00012004    00000044     driverlib.lib : chipinfo.obj (.text:NOROM_ChipInfo_GetHwRevision)
                  00012048    00000044     drivers_cc13x2.aem4f : NVSCC26XX.oem4f (.text:NVSCC26XX_read)
                  0001208c    00000044                          : PINCC26XX.oem4f (.text:PIN_swi)
                  000120d0    00000044                          : PWM.oem4f (.text:PWM_init)
                  00012114    00000044                          : UART.oem4f (.text:UART_init)
                  00012158    00000044     maclib_secure_cc13x2.a : mac.obj (.text:macRatCb_B)
                  0001219c    00000044                            : mac_tx.obj (.text:macTxTimestampCallback)
                  000121e0    00000044     csf.obj (.text:processidentifyTimeoutCallback$4)
                  00012224    00000042     api_mac.obj (.text:copyMacPanDescToApiMacPanDesc$26)
                  00012266    00000002     --HOLE-- [fill = 0]
                  00012268    00000040     csf.obj (.text:Csf_getNetworkInformation)
                  000122a8    00000040     nvocmp.obj (.text:NVOCMP_compactNvApi$24)
                  000122e8    00000040     drivers_cc13x2.aem4f : PWM.oem4f (.text:PWM_open)
                  00012328    00000040                          : PowerCC26X2.oem4f (.text:PowerCC26XX_isStableXOSC_HF)
                  00012368    00000040                          : Random.oem4f (.text:Random_getNumber)
                  000123a8    00000040                          : RingBuf.oem4f (.text:RingBuf_get)
                  000123e8    00000040                          : TRNGCC26XX.oem4f (.text:TRNGCC26XX_copyToClient)
                  00012428    00000040                          : UART.oem4f (.text:UART_open)
                  00012468    00000040     csf.obj (.text:getNumActiveDevices$4)
                  000124a8    00000040     maclib_secure_cc13x2.a : mac_low_level.obj (.text:macLowLevelYield)
                  000124e8    00000040                            : mac_rx.obj (.text:macRxNokIsr)
                  00012528    00000040                            : mac_autopend.obj (.text:macSrcMatchSetEnableBit$34)
                  00012568    00000040                            : mac_symbol_timer.obj (.text:macSymbolTimerSetTrigger)
                  000125a8    00000040                            : mac_tx.obj (.text:macTxUpdateIE)
                  000125e8    00000040     rtsv7M4_T_le_v4SPD16_eabi.lib : u_divt2.asm.obj (.text)
                  00012628    00000040     rom_sysbios.aem4f : rom_sysbios.obj (.text:ti_sysbios_family_arm_cc26xx_Timer_setThreshold__I)
                  00012668    00000040                       : rom_sysbios.obj (.text:ti_sysbios_heaps_HeapCallback_Module_startup__E)
                  000126a8    0000003e     dpl_cc13x2.aem4f : HwiP_tirtos.oem4f (.text:HwiP_construct)
                  000126e6    0000003e     drivers_cc13x2.aem4f : LED.oem4f (.text:LED_setBrightnessLevel)
                  00012724    0000003e     osal_port.obj (.text:OsalPort_msgEnqueueMax)
                  00012762    00000002     --HOLE-- [fill = 0]
                  00012764    0000003c     cui.obj (.text:CUI_ledOn)
                  000127a0    0000003c     drivers_cc13x2.aem4f : LED.oem4f (.text:LED_setOff)
                  000127dc    0000003c     maclib_secure_cc13x2.a : mac_pwr.obj (.text:MAC_PwrOnReq)
                  00012818    0000003c     drivers_cc13x2.aem4f : PINCC26XX.oem4f (.text:PIN_setInterrupt)
                  00012854    0000003c                          : PINCC26XX.oem4f (.text:PIN_setOutputValue)
                  00012890    0000003c     rf_multiMode_cc13x2.aem4f : RFCC26X2_multiMode.c.cc13x2.ccs.o (.text:RF_cmdGet)
                  000128cc    0000003c                               : RFCC26X2_multiMode.c.cc13x2.ccs.o (.text:RF_cmdStoreEvents)
                  00012908    0000003c     dpl_cc13x2.aem4f : SwiP_tirtos.oem4f (.text:SwiP_construct)
                  00012944    0000003c     drivers_cc13x2.aem4f : NVSCC26XX.oem4f (.text:checkEraseRange)
                  00012980    0000003c     collector.obj (.text:cllcDeviceJoiningCB$3)
                  000129bc    0000003c     maclib_secure_cc13x2.a : mac_timer.obj (.text:macTimerRecalcUnaligned)
                  000129f8    0000003c                            : mac_tx.obj (.text:macTxDecrypt)
                  00012a34    0000003c     rom_sysbios.aem4f : rom_sysbios.obj (.text:ti_sysbios_family_arm_m3_Hwi_construct2__E)
                  00012a70    00000038     cui.obj (.text:CUI_btnResourceRequest)
                  00012aa8    00000038     cui.obj (.text:CUI_ledBlink)
                  00012ae0    00000038     cui.obj (.text:CUI_menuActionNavigate$6)
                  00012b18    00000038     cllc.obj (.text:Cllc_setJoinPermit)
                  00012b50    00000038     collector.obj (.text:Collector_sendDeviceTypeRequest)
                  00012b88    00000038     collector.obj (.text:Collector_sendToggleLedRequest)
                  00012bc0    00000038     driverlib.lib : osc.obj (.text:NOROM_OSC_HPOSCRelativeFrequencyOffsetGet)
                  00012bf8    00000038     nvocmp.obj (.text:NVOCMP_findPage$24)
                  00012c30    00000038     drivers_cc13x2.aem4f : PINCC26XX.oem4f (.text:PIN_setConfig)
                  00012c68    00000038     rf_multiMode_cc13x2.aem4f : RFCC26X2_multiMode.c.cc13x2.ccs.o (.text:RF_checkCmdFsError)
                  00012ca0    00000038                               : RFCC26X2_multiMode.c.cc13x2.ccs.o (.text:RF_powerConstraintRelease)
                  00012cd8    00000038     collector.obj (.text:findDevice$3)
                  00012d10    00000038     maclib_secure_cc13x2.a : mac_timer.obj (.text:macTimerAligned)
                  00012d48    00000038                            : mac_timer.obj (.text:macTimerInit)
                  00012d80    00000038                            : mac_timer.obj (.text:macTimerSetRollover)
                  00012db8    00000038                            : mac_tx.obj (.text:macTxAckNotReceivedCallback)
                  00012df0    00000038                            : mac_tx.obj (.text:macTxFrameIsr)
                  00012e28    00000038     drivers_cc13x2.aem4f : PowerCC26X2.oem4f (.text:notify)
                  00012e60    00000038                          : UARTCC26XX.oem4f (.text:readData)
                  00012e98    00000038     rom_sysbios.aem4f : rom_sysbios.obj (.text:ti_sysbios_family_arm_cc26xx_Timer_getCurrentTick__E)
                  00012ed0    00000038     drivers_cc13x2.aem4f : UARTCC26XX.oem4f (.text:writeData)
                  00012f08    00000036     api_mac.obj (.text:ApiMac_convertCapabilityInfo)
                  00012f3e    00000036     drivers_cc13x2.aem4f : LED.oem4f (.text:LED_setOn)
                  00012f74    00000036                          : LED.oem4f (.text:clockTimeoutHandler)
                  00012faa    00000036     rf_multiMode_cc13x2.aem4f : rf_patch_cpe_prop.c.cc13x2.ccs.o (.text:configurePropPatch)
                  00012fe0    00000036     rom_sysbios.aem4f : rom_sysbios.obj (.text:ti_sysbios_family_arm_cc26xx_Timer_setNextTick__E)
                  00013016    00000002     --HOLE-- [fill = 0]
                  00013018    00000034     csf.obj (.text:Csf_setTrackingClock)
                  0001304c    00000034     driverlib.lib : sys_ctrl.obj (.text:NOROM_SysCtrlIdle)
                  00013080    00000034     osal_port.obj (.text:OsalPort_heapFree$20)
                  000130b4    00000034     rf_multiMode_cc13x2.aem4f : RFCC26X2_multiMode.c.cc13x2.ccs.o (.text:RF_runDirectImmediateCmd)
                  000130e8    00000034     collector.obj (.text:cllcStateChangedCB$3)
                  0001311c    00000034     maclib_secure_cc13x2.a : mac_hl_patch.obj (.text:macCheckPhyRate)
                  00013150    00000034                            : mac_low_level.obj (.text:macLowLevelDiags)
                  00013184    00000034                            : mac_radio.obj (.text:macRadioSetIEEEAddr)
                  000131b8    00000034                            : mac_radio_tx.obj (.text:macRadioTxRequestTxAck)
                  000131ec    00000034                            : mac.obj (.text:macRatDisableChannelB)
                  00013220    00000034                            : mac_symbol_timer.obj (.text:macSymbolTimerCount)
                  00013254    00000034                            : mac_tx.obj (.text:macTxRequestCsmaRtcDelay)
                  00013288    00000034     drivers_cc13x2.aem4f : UARTCC26XX.oem4f (.text:readData2RingBuf)
                  000132bc    00000034     csf.obj (.text:saveNumDeviceListEntries$4)
                  000132f0    00000034     rtsv7M4_T_le_v4SPD16_eabi.lib : strncpy.c.obj (.text:strncpy)
                  00013324    00000034     rom_sysbios.aem4f : rom_sysbios.obj (.text:ti_sysbios_knl_Swi_setPri__E)
                  00013358    00000032     osal_port.obj (.text:OsalPort_msgExtract)
                  0001338a    00000032     rom_sysbios.aem4f : rom_sysbios.obj (.text:ti_sysbios_gates_GateMutexPri_insertPri__I)
                  000133bc    00000030     csf.obj (.text:Csf_setConfigClock)
                  000133ec    00000030     drivers_cc13x2.aem4f : GPIOCC26XX.oem4f (.text:GPIO_hwiIntFxn)
                  0001341c    00000030                          : GPIOCC26XX.oem4f (.text:GPIO_setCallback)
                  0001344c    00000030     nvocmp.obj (.text:NVOCMP_verifyCRC$24)
                  0001347c    00000030     drivers_cc13x2.aem4f : NVSCC26XX.oem4f (.text:NVSCC26XX_erase)
                  000134ac    00000030                          : PINCC26XX.oem4f (.text:PINCC26XX_setMux)
                  000134dc    00000030                          : PowerCC26X2.oem4f (.text:Power_releaseConstraint)
                  0001350c    00000030                          : PowerCC26X2.oem4f (.text:Power_setConstraint)
                  0001353c    00000030                          : TRNGCC26XX.oem4f (.text:TRNGCC26XX_fillEntropyPool)
                  0001356c    00000030     collector.obj (.text:getMsduHandle$3)
                  0001359c    00000030     maclib_secure_cc13x2.a : mac_rx_onoff.obj (.text:macRxHardDisable)
                  000135cc    00000030                            : mac_rx_onoff.obj (.text:macRxSoftDisable)
                  000135fc    00000030                            : mac_symbol_timer.obj (.text:macSymbolTimerBCWakeUp)
                  0001362c    00000030                            : mac_symbol_timer.obj (.text:macSymbolTimerICallTimerCback)
                  0001365c    00000030                            : mac_timer.obj (.text:macTimerCheckUnAlignedQ)
                  0001368c    00000030     app_pem4f.oem4f (.text:ti_sysbios_BIOS_atExitFunc__I)
                  000136bc    00000030     app_pem4f.oem4f (.text:ti_sysbios_BIOS_startFunc__I)
                  000136ec    00000030     rom_sysbios.aem4f : rom_sysbios.obj (.text:ti_sysbios_family_arm_cc26xx_Timer_initDevice__I)
                  0001371c    00000030     app_pem4f.oem4f (.text:ti_sysbios_gates_GateMutexPri_Object__create__S)
                  0001374c    00000030     app_pem4f.oem4f (.text:ti_sysbios_gates_GateMutexPri_create)
                  0001377c    00000030     app_pem4f.oem4f (.text:ti_sysbios_heaps_HeapCallback_Object__create__S)
                  000137ac    0000002e     csf.obj (.text:Csf_getDeviceShort)
                  000137da    0000002e     osal_port.obj (.text:OsalPort_msgDequeue)
                  00013808    0000002e     osal_port.obj (.text:OsalPort_msgEnqueue)
                  00013836    0000002e     rf_multiMode_cc13x2.aem4f : RFCC26X2_multiMode.c.cc13x2.ccs.o (.text:RF_queueEnd)
                  00013864    0000002e     app_pem4f.oem4f (.text:ti_sysbios_rts_MemAlloc_alloc)
                  00013892    00000002     --HOLE-- [fill = 0]
                  00013894    0000002c     cui.obj (.text:CUI_ledResourceRequest)
                  000138c0    0000002c     cllc.obj (.text:Cllc_getFormingPanId)
                  000138ec    0000002c     nvocmp.obj (.text:NVOCMP_changePageState$24)
                  00013918    0000002c     nvocmp.obj (.text:NVOCMP_setCompactHdr$24)
                  00013944    0000002c     drivers_cc13x2.aem4f : NVS.oem4f (.text:NVS_init)
                  00013970    0000002c     rf_multiMode_cc13x2.aem4f : RFCC26X2_multiMode.c.cc13x2.ccs.o (.text:RF_executeDirectImmediateCmd)
                  0001399c    0000002c     dpl_cc13x2.aem4f : SemaphoreP_tirtos.oem4f (.text:SemaphoreP_constructBinary)
                  000139c8    0000002c                      : SemaphoreP_tirtos.oem4f (.text:SemaphoreP_createBinary)
[...]
1003c6e9  macWrapperGetDefaultSourceKey                                   
20000000  ti_sysbios_family_arm_m3_Hwi_ramVectors                         
20000100  xdcRomConstPtr                                                  
20000104  xdcRomExternFuncPtr                                             
20000108  xdcRomStatePtr                                                  
2000010c  RAM_MAC_BASE_ADDR                                               
2000035c  menuBuff                                                        
20000a37  AppTaskId                                                       
20000a48  pMacCbackQueryRetransmit                                        
20000a4c  pMacCbackCheckPending                                           
20000a50  macSem                                                          
20000aa8  macTask                                                         
200012f9  Main_assertReason                                               
200012fc  macUser0Cfg                                                     
20001310  Main_user1Cfg                                                   
20001358  appTask                                                         
200019ac  Cllc_events                                                     
200019fc  Cllc_statistics                                                 
20001a84  Cllc_associatedDevList                                          
20001cdd  Csf_keys                                                        
20001cde  savedCllcState                                                  
20001cdf  permitJoining                                                   
20001ce6  Csf_events                                                      
20001d14  csfCuiHndl                                                      
20001d18  collectorStatusLine                                             
20001d1c  deviceStatusLine                                                
20001d20  numJoinDevStatusLine                                            
20001e88  RF_cmdNop                                                       
20001e98  RF_cmdNopFg                                                     
20001ea8  RF_cmdRxAckCmd                                                  
20001ebc  RF_cmdFs                                                        
20001ed4  RF_cmdIEEETx                                                    
20001eec  RF_cmdPropCs                                                    
20001f08  RF_cmdPropCsSlotted                                             
20001f24  RF_cmdRadioSetup                                                
20001f44  RF_cmdIEEECsma                                                  
20001f64  RF_cmdPropTxAdv                                                 
20001f84  RF_cmdPropRadioDivSetup                                         
20001fb4  RF_cmdPropRxAdv                                                 
20001fe4  RF_cmdIEEERx                                                    
20002020  taskCnt                                                         
20002030  heapmgrMemFreeTotal                                             
2000203c  HEAPMGR_SIZE                                                    
20002040  taskTbl                                                         
200021a8  PowerCC26X2_module                                              
200022b8  ROM_stateStruct                                                 
200022b8  ti_sysbios_knl_Clock_Module__state__V                           
200022e4  ti_sysbios_family_arm_cc26xx_TimestampProvider_Module__state__V 
200022e8  xdc_runtime_Startup_Module__state__V                            
200022f0  xdc_runtime_Registry_Module__state__V                           
200022f8  ti_sysbios_BIOS_Module__state__V                                
2000231c  ti_sysbios_knl_Swi_Module__state__V                             
20002338  ti_sysbios_knl_Task_Module__state__V                            
2000237c  xdc_runtime_Memory_Module__state__V                             
20002380  xdc_runtime_System_Module__state__V                             
20002388  ti_sysbios_family_arm_m3_Hwi_Module__state__V                   
200023bc  ti_sysbios_family_arm_cc26xx_Timer_Module__state__V             
200023c4  macSrcMatchIsAckAllPending                                      
200023c5  macSrcResIndex                                                  
200023c8  reqAccessAlloc                                                  
200023ca  rxCmdHandle                                                     
200023cc  fsCmdHandle                                                     
200023d4  macRfDrvTblPtr                                                  
200023d8  lastPostCmd                                                     
200023dc  macSfdDetectCback                                               
200023e4  macTxTimestamp                                                  
200023e8  pMacRadioConfig                                                 
200023f8  macRxOutputSubG                                                 
20002404  macRxOutputIeee                                                 
20002414  macFrmFilter                                                    
20002424  macSrcShortAddrList                                             
20002440  macSrcExtAddrList                                               
20002470  macMRFSKGenPhyTable                                             
20002514  Collector_events                                                
20002528  Collector_statistics                                            
20002564  Collector_macCallbacks                                          
200025ae  gAction                                                         
200025af  NVOCMP_size                                                     
200025dc  NVOCMP_nvHandle                                                 
20002624  RF_prop_2gfsk50kbps154g                                         
20002634  txPowerTable_2gfsk50kbps154g                                    
20002698  fhObject                                                        
20002704  appSubMenu                                                      
2000275c  cuiMultiMenu                                                    
200027ac  ti_sysbios_knl_Task_Object__table__V                            
200027f8  ti_sysbios_family_arm_cc26xx_Timer_Object__table__V             
20002848  pRfMode                                                         
2000284c  pRfPowerTable                                                   
20002850  pMaxPower                                                       
20002854  RF_handle                                                       
20002858  macPhyTxPower                                                   
20002860  RF_params                                                       
20002880  commissionSubMenu                                               
200028c0  configureSubMenu                                                
20002900  csfMainMenu                                                     
20002940  ti_sysbios_gates_GateMutex_Object__table__V                     
20002979  appTaskId                                                       
20002980  appEvents                                                       
20002988  ApiMac_extAddr                                                  
20002990  appSem                                                          
200029ac  macBeaconPayload                                                
200029e0  pMacDataTx                                                      
200029e4  macDataTxIndirect                                               
200029e8  macDataRequeueIndirect                                          
200029ec  macDataRxBeaconCritical                                         
200029f0  macDataTxBeaconComplete                                         
200029f4  macDataSetSched                                                 
200029f8  macDataCheckSched                                               
200029fc  macDataCheckTxTime                                              
20002a00  macDataBeaconRequeue                                            
20002a04  csmPhy                                                          
20002a08  macTimerRollover                                                
20002a0c  macTimerNewRollover                                             
20002a10  ti_sysbios_knl_Swi_Module_State_0_readyQ__A                     
20002a40  ti_sysbios_knl_Swi_Object__table__V                             
20002a70  ti_sysbios_knl_Task_Module_State_0_readyQ__A                    
20002aa0  macSpecUsecsPerSymbol                                           
20002aa4  macPrevPeriodRatCount                                           
20002aa8  macSymbolTimerRollover                                          
20002aac  macSymbolTimerTrigger                                           
20002ac8  txCmdHandle                                                     
20002aca  macRadioAckIeeeFrame                                            
20002ad0  pMacEnhancedAck                                                 
20002ad4  macRadioAckFrame                                                
20002adc  macAIFSTimer                                                    
20002aec  macTxSlottedDelayFactor                                         
20002aed  macTxBe                                                         
20002aee  macTxType                                                       
20002aef  macTxGpInterframeDelay                                          
20002af0  txAckReq                                                        
20002af3  txSeqn                                                          
20002af5  numTx                                                           
20002af6  macTxCsmaBackoffDelay                                           
20002af8  macCsmaRtcTimerId                                               
20002afc  macAckDbg                                                       
20002b10  macActionSet                                                    
20002b58  ti_sysbios_knl_Clock_Object__table__V                           
20002b78  xdc_runtime_Error_IgnoreBlock                                   
20002b98  pOverrides_2gfsk50kbps154g                                      
20002bb4  ti_sysbios_family_arm_m3_Hwi_Object__table__V                   
20002be1  CryptoResourceCC26XX_pollingFlag                                
20002be4  macStateTbl                                                     
20002c08  gpioCallbackFunctions                                           
20002c18  gpioPinConfigs                                                  
20002c28  macCfg                                                          
20002c38  lastRatChanA                                                    
20002c39  lastRatChanB                                                    
20002c3a  macRxCmdActive                                                  
20002c3b  macTxCmdActive                                                  
20002c3c  macFsCmdActive                                                  
20002c3e  macReqAccessCnt                                                 
20002c40  macReqAccessTimeCnt                                             
20002c42  macReqAccErrCnt                                                 
20002c44  numRfCmd                                                        
20002c45  numRxCmd                                                        
20002c46  numRxPostCmd                                                    
20002c50  pClockHandleEDScan                                              
20002c54  ti_sysbios_heaps_HeapCallback_Object__table__V                  
20002c60  _lock                                                           
20002c64  _unlock                                                         
20002c68  pinUpperBound                                                   
20002c6c  pinLowerBound                                                   
20002c78  ti_sysbios_family_arm_m3_Hwi_Module__root__V                    
20002c80  ti_sysbios_gates_GateHwi_Module__root__V                        
20002c88  ti_sysbios_gates_GateMutexPri_Module__root__V                   
20002c90  ti_sysbios_gates_GateMutex_Module__root__V                      
20002c98  ti_sysbios_hal_Hwi_Module__root__V                              
20002ca0  ti_sysbios_heaps_HeapCallback_Module__root__V                   
20002ca8  ti_sysbios_heaps_HeapMem_Module__root__V                        
20002cb0  ti_sysbios_knl_Clock_Module__root__V                            
20002cb8  ti_sysbios_knl_Event_Module__root__V                            
20002cc0  ti_sysbios_knl_Mailbox_Module__root__V                          
20002cc8  ti_sysbios_knl_Queue_Module__root__V                            
20002cd0  ti_sysbios_knl_Semaphore_Module__root__V                        
20002cd8  ti_sysbios_knl_Swi_Module__root__V                              
20002ce0  ti_sysbios_knl_Task_Module__root__V                             
20002cf4  macRadioYielded                                                 
20002cf5  bInSwi                                                          
20002cf6  macTxSlottedDelay                                               
20002cf7  macSrcMatchIsEnabled                                            
20002cf8  macTasksEvents                                                  
20002cfc  errno                                                           
20002d00  main_func_sp                                                    
20002d04  ti_sysbios_family_arm_m3_Hwi_Module_State_0_excContext__A       
20002d08  ti_sysbios_family_arm_m3_Hwi_Module_State_0_excStack__A         
20002d0c  ti_sysbios_knl_Task_Module_State_0_idleTask__A                  
20002d10  ti_sysbios_family_arm_m3_Hwi_Module_State_0_excActive__A        
20002d13  macSleepState                                                   
20003168  ti_sysbios_knl_Task_Instance_State_0_stack__A                   
20003368  uartCC26XXObjects                                               
20003494  enhancedAckBuf                                                  
20003590  ti_sysbios_family_arm_m3_Hwi_dispatchTable                      
20003710  macPib                                                          
20003798  pinHandleTable                                                  
20003814  LEDObjects                                                      
2000388c  macScan                                                         
200038e0  ButtonObjects                                                   
20003930  macSecurityPib                                                  
20003970  macBeaconCoord                                                  
200039ac  macDeviceAction1                                                
20003a18  macBeaconDevice                                                 
20003a4c  macCoord                                                        
20003a78  macDevice                                                       
20003aa4  macRxFilter                                                     
20003aa5  rxPromiscuousMode                                               
20003aa8  rxSeqNum                                                        
20003ab0  macRxDataEntryOffset                                            
20003ab4  rxRadioBufferPtr                                                
20003ac4  macRxDataEntryQueue                                             
20003acc  macMgmtAction1                                                  
20003b54  macBeacon                                                       
20003c00  CryptoResourceCC26XX_accessSemaphore                            
20003c1c  CryptoResourceCC26XX_hwi                                        
20003c38  CryptoResourceCC26XX_operationSemaphore                         
20003c54  macCoordAction2                                                 
20003c70  macReset                                                        
20003c8c  aesccmCC26XXObjects                                             
20003ca4  macScanAction                                                   
20003ce4  macDeviceAction2                                                
20003cf8  macMgmtAction2                                                  
20003d0c  macBeaconDeviceAction                                           
20003d1c  macCoordAction3                                                 
20003d2c  macData                                                         
20003d3c  macDataTxDelay                                                  
20003d64  macMain                                                         
20003d78  macBeaconCoordAction1                                           
20003d80  macCoordAction1                                                 
20003d8c  AESCCM_handle                                                   
20003d90  ClockP_tickPeriod                                               
20003d94  FH_test_var                                                     
20003d98  PowerCC26XX_swiKey                                              
20003d9c  PowerCC26XX_taskKey                                             
20003da0  macCryptoDrvTblPtr                                              
20003da4  macTimerActive                                                  
20003da8  nvsCC26XXObjects                                                
20003dac  timerAlignedQ                                                   
20003db0  timerUnalignedQ                                                 
20003db6  driverlib_release_0_55938                                       
20003db7  macMgmt                                                         
20003db8  macPanCoordinator                                               
20003db9  macPhyChannel                                                   
20003dba  macPwr                                                          
20003dbb  macRxActive                                                     
20003dbc  macRxEnableFlags                                                
20003dbd  macRxOutgoingAckFlag                                            
20003dbe  macSymbolTimerImpending                                         
20003dbf  macTaskId                                                       
20003dc0  macTxActive                                                     
20003dc1  macUnitBackoffPeriod                                            
20003dc2  rxFhRsl                                                         
20003dc3  heapStart                                                       
20013aa0  __stack                                                         
20013aa0  heapEnd                                                         
20014000  __STACK_END                                                     
20014000  __STACK_TOP                                                     
e000e000  ti_sysbios_family_arm_m3_Hwi_nvic                               
ffffffff  __TI_pprof_out_hndl                                             
ffffffff  __TI_prof_data_size                                             
ffffffff  __TI_prof_data_start                                            
ffffffff  __binit__                                                       
ffffffff  __c_args__                                                      
ffffffff  binit                                                           
UNDEFED   PWM_config                                                      
UNDEFED   PWM_count                                                       
UNDEFED   SHT$$INIT_ARRAY$$Base                                           
UNDEFED   SHT$$INIT_ARRAY$$Limit                                          

[1841 symbols]
